[X] ||| ! ! ! &quot; 题目 ||| questions were ||| 7.37020 30.12730 3.88129 7.86173 ||| 4-0 4-1
[X] ||| ! ! ! ||| ! ! ! ||| 3.88129 1.32626 3.88129 3.58354 ||| 0-0 0-1 1-1 1-2 2-2
[X] ||| ! ! ! [X,1] , ||| [X,1] , ||| 19.76925 21.25078 3.88129 0.71539 ||| 3-0 4-1
[X] ||| ! ! ! [X,1] 公布 ||| [X,1] published ||| 12.85302 23.26499 3.88129 3.19993 ||| 3-0 4-1
[X] ||| ! ! ! [X,1] 立刻 ||| [X,1] they immediately ||| 9.55456 23.88646 3.88129 4.54589 ||| 3-0 4-1 4-2
[X] ||| ! ! ! 了 , ||| , has weakened ||| 6.98289 23.57107 4.52677 14.89255 ||| 3-2 4-0
[X] ||| ! ! ! 了 , ||| , has weakened unity ||| 6.77413 23.57107 5.14581 25.64000 ||| 3-2 4-0
[X] ||| ! ! ! 了 , ||| , has weakened unity among ||| 7.06665 23.57107 5.52530 33.12170 ||| 3-2 4-0
[X] ||| ! ! ! 了 ||| has weakened ||| 7.18329 23.17227 5.67306 14.17715 ||| 3-1
[X] ||| ! ! ! 了 ||| has weakened unity ||| 5.49074 23.17227 5.67306 24.92461 ||| 3-1
